\BOOKMARK [0][-]{chapter.1}{\376\377\000P\000e\000n\000d\000a\000h\000u\000l\000u\000a\000n\000\040\000\046\000\040\000A\000r\000s\000i\000t\000e\000k\000t\000u\000r\000\040\000S\000i\000s\000t\000e\000m}{}% 1
\BOOKMARK [1][-]{section.1.1}{\376\377\000K\000o\000n\000s\000e\000p\000\040\000D\000a\000s\000a\000r\000\040\000S\000i\000s\000t\000e\000m}{chapter.1}% 2
\BOOKMARK [1][-]{section.1.2}{\376\377\000M\000a\000t\000r\000i\000k\000s\000\040\000P\000e\000r\000a\000n\000\040\000\050\000R\000o\000l\000e\000-\000B\000a\000s\000e\000d\000\040\000A\000c\000c\000e\000s\000s\000\040\000C\000o\000n\000t\000r\000o\000l\000\051}{chapter.1}% 3
\BOOKMARK [1][-]{section.1.3}{\376\377\000M\000e\000m\000u\000l\000a\000i\000\040\000P\000e\000n\000g\000g\000u\000n\000a\000a\000n\000\040\000\050\000L\000o\000g\000i\000n\000\051}{chapter.1}% 4
\BOOKMARK [1][-]{section.1.4}{\376\377\000N\000a\000v\000i\000g\000a\000s\000i\000\040\000D\000a\000s\000h\000b\000o\000a\000r\000d}{chapter.1}% 5
\BOOKMARK [1][-]{section.1.5}{\376\377\000P\000e\000n\000a\000n\000g\000a\000n\000a\000n\000\040\000K\000e\000n\000d\000a\000l\000a\000\040\000U\000m\000u\000m\000\040\000\050\000T\000r\000o\000u\000b\000l\000e\000s\000h\000o\000o\000t\000i\000n\000g\000\051}{chapter.1}% 6
\BOOKMARK [0][-]{chapter.2}{\376\377\000M\000o\000d\000u\000l\000\040\000P\000e\000n\000j\000u\000a\000l\000a\000n\000\040\000\050\000S\000a\000l\000e\000s\000\051}{}% 7
\BOOKMARK [1][-]{section.2.1}{\376\377\000K\000o\000n\000s\000e\000p\000\040\000D\000a\000s\000a\000r\000\040\000\046\000\040\000M\000a\000t\000r\000i\000k\000s\000\040\000P\000e\000r\000a\000n}{chapter.2}% 8
\BOOKMARK [1][-]{section.2.2}{\376\377\000S\000k\000e\000n\000a\000r\000i\000o\000\040\000D\000u\000n\000i\000a\000\040\000N\000y\000a\000t\000a\000\040\000\046\000\040\000A\000l\000u\000r\000\040\000K\000e\000r\000j\000a}{chapter.2}% 9
\BOOKMARK [1][-]{section.2.3}{\376\377\000P\000a\000n\000d\000u\000a\000n\000\040\000P\000e\000n\000g\000g\000u\000n\000a\000a\000n\000\040\000\050\000S\000t\000e\000p\000-\000b\000y\000-\000S\000t\000e\000p\000\051}{chapter.2}% 10
\BOOKMARK [2][-]{subsection.2.3.1}{\376\377\0001\000.\000\040\000M\000e\000m\000b\000u\000a\000t\000\040\000D\000a\000t\000a\000\040\000P\000e\000l\000a\000n\000g\000g\000a\000n\000\040\000\050\000O\000l\000e\000h\000\040\000S\000a\000l\000e\000s\000\051}{section.2.3}% 11
\BOOKMARK [2][-]{subsection.2.3.2}{\376\377\0002\000.\000\040\000M\000e\000m\000b\000u\000a\000t\000\040\000P\000e\000s\000a\000n\000a\000n\000\040\000/\000\040\000S\000a\000l\000e\000s\000\040\000O\000r\000d\000e\000r\000\040\000\050\000O\000l\000e\000h\000\040\000S\000a\000l\000e\000s\000\051}{section.2.3}% 12
\BOOKMARK [2][-]{subsection.2.3.3}{\376\377\0003\000.\000\040\000M\000e\000n\000y\000e\000t\000u\000j\000u\000i\000\040\000d\000a\000n\000\040\000M\000e\000n\000g\000i\000r\000i\000m\000\040\000B\000a\000r\000a\000n\000g\000\040\000\050\000O\000l\000e\000h\000\040\000S\000a\000l\000e\000s\000\040\000\046\000\040\000G\000u\000d\000a\000n\000g\000\051}{section.2.3}% 13
\BOOKMARK [2][-]{subsection.2.3.4}{\376\377\0004\000.\000\040\000M\000e\000n\000e\000r\000b\000i\000t\000k\000a\000n\000\040\000T\000a\000g\000i\000h\000a\000n\000\040\000/\000\040\000I\000n\000v\000o\000i\000c\000e\000\040\000\050\000O\000l\000e\000h\000\040\000F\000i\000n\000a\000n\000c\000e\000\051}{section.2.3}% 14
\BOOKMARK [2][-]{subsection.2.3.5}{\376\377\0005\000.\000\040\000M\000e\000n\000g\000e\000k\000s\000p\000o\000r\000\040\000D\000a\000t\000a\000\040\000k\000e\000\040\000E\000x\000c\000e\000l}{section.2.3}% 15
\BOOKMARK [1][-]{section.2.4}{\376\377\000P\000e\000n\000a\000n\000g\000a\000n\000a\000n\000\040\000M\000a\000s\000a\000l\000a\000h\000\040\000\050\000E\000d\000g\000e\000\040\000C\000a\000s\000e\000s\000\051}{chapter.2}% 16
\BOOKMARK [0][-]{chapter.3}{\376\377\000M\000o\000d\000u\000l\000\040\000G\000u\000d\000a\000n\000g\000\040\000\050\000I\000n\000v\000e\000n\000t\000o\000r\000y\000\051}{}% 17
\BOOKMARK [1][-]{section.3.1}{\376\377\000K\000o\000n\000s\000e\000p\000\040\000D\000a\000s\000a\000r\000\040\000\046\000\040\000M\000a\000t\000r\000i\000k\000s\000\040\000P\000e\000r\000a\000n}{chapter.3}% 18
\BOOKMARK [1][-]{section.3.2}{\376\377\000S\000k\000e\000n\000a\000r\000i\000o\000\040\000D\000u\000n\000i\000a\000\040\000N\000y\000a\000t\000a\000\040\000\046\000\040\000A\000l\000u\000r\000\040\000K\000e\000r\000j\000a}{chapter.3}% 19
\BOOKMARK [1][-]{section.3.3}{\376\377\000P\000a\000n\000d\000u\000a\000n\000\040\000P\000e\000n\000g\000g\000u\000n\000a\000a\000n\000\040\000\050\000S\000t\000e\000p\000-\000b\000y\000-\000S\000t\000e\000p\000\051}{chapter.3}% 20
\BOOKMARK [2][-]{subsection.3.3.1}{\376\377\0001\000.\000\040\000M\000e\000n\000d\000a\000f\000t\000a\000r\000k\000a\000n\000\040\000P\000r\000o\000d\000u\000k\000\040\000B\000a\000r\000u\000\040\000\050\000M\000a\000s\000t\000e\000r\000\040\000D\000a\000t\000a\000\051}{section.3.3}% 21
\BOOKMARK [2][-]{subsection.3.3.2}{\376\377\0002\000.\000\040\000M\000e\000n\000c\000e\000t\000a\000k\000\040\000B\000a\000r\000c\000o\000d\000e\000\040\000P\000r\000o\000d\000u\000k}{section.3.3}% 22
\BOOKMARK [2][-]{subsection.3.3.3}{\376\377\0003\000.\000\040\000M\000e\000l\000a\000k\000u\000k\000a\000n\000\040\000T\000r\000a\000n\000s\000f\000e\000r\000\040\000A\000n\000t\000a\000r\000-\000G\000u\000d\000a\000n\000g\000\040\000\050\000M\000u\000t\000a\000s\000i\000\051}{section.3.3}% 23
\BOOKMARK [2][-]{subsection.3.3.4}{\376\377\0004\000.\000\040\000M\000e\000l\000a\000k\000u\000k\000a\000n\000\040\000P\000e\000n\000y\000e\000s\000u\000a\000i\000a\000n\000\040\000S\000t\000o\000k\000\040\000\050\000A\000d\000j\000u\000s\000t\000\040\000S\000t\000o\000c\000k\000\051}{section.3.3}% 24
\BOOKMARK [1][-]{section.3.4}{\376\377\000P\000e\000n\000a\000n\000g\000a\000n\000a\000n\000\040\000M\000a\000s\000a\000l\000a\000h\000\040\000\050\000E\000d\000g\000e\000\040\000C\000a\000s\000e\000s\000\051}{chapter.3}% 25
\BOOKMARK [0][-]{chapter.4}{\376\377\000M\000o\000d\000u\000l\000\040\000P\000e\000m\000b\000e\000l\000i\000a\000n\000\040\000\050\000P\000r\000o\000c\000u\000r\000e\000m\000e\000n\000t\000\051}{}% 26
\BOOKMARK [1][-]{section.4.1}{\376\377\000K\000o\000n\000s\000e\000p\000\040\000D\000a\000s\000a\000r\000\040\000\046\000\040\000M\000a\000t\000r\000i\000k\000s\000\040\000P\000e\000r\000a\000n}{chapter.4}% 27
\BOOKMARK [1][-]{section.4.2}{\376\377\000S\000k\000e\000n\000a\000r\000i\000o\000\040\000D\000u\000n\000i\000a\000\040\000N\000y\000a\000t\000a\000\040\000\046\000\040\000A\000l\000u\000r\000\040\000K\000e\000r\000j\000a}{chapter.4}% 28
\BOOKMARK [1][-]{section.4.3}{\376\377\000P\000a\000n\000d\000u\000a\000n\000\040\000P\000e\000n\000g\000g\000u\000n\000a\000a\000n\000\040\000\050\000S\000t\000e\000p\000-\000b\000y\000-\000S\000t\000e\000p\000\051}{chapter.4}% 29
\BOOKMARK [2][-]{subsection.4.3.1}{\376\377\0001\000.\000\040\000M\000e\000m\000b\000u\000a\000t\000\040\000P\000u\000r\000c\000h\000a\000s\000e\000\040\000R\000e\000q\000u\000e\000s\000t\000\040\000\050\000P\000R\000\051}{section.4.3}% 30
\BOOKMARK [2][-]{subsection.4.3.2}{\376\377\0002\000.\000\040\000M\000e\000n\000y\000e\000t\000u\000j\000u\000i\000\040\000d\000a\000n\000\040\000M\000e\000n\000g\000u\000b\000a\000h\000\040\000P\000R\000\040\000M\000e\000n\000j\000a\000d\000i\000\040\000P\000O}{section.4.3}% 31
\BOOKMARK [2][-]{subsection.4.3.3}{\376\377\0003\000.\000\040\000M\000e\000n\000g\000e\000l\000o\000l\000a\000\040\000P\000u\000r\000c\000h\000a\000s\000e\000\040\000O\000r\000d\000e\000r\000\040\000d\000a\000n\000\040\000M\000e\000n\000e\000r\000i\000m\000a\000\040\000B\000a\000r\000a\000n\000g}{section.4.3}% 32
\BOOKMARK [2][-]{subsection.4.3.4}{\376\377\0004\000.\000\040\000M\000e\000n\000e\000r\000u\000s\000k\000a\000n\000\040\000k\000e\000\040\000B\000a\000g\000i\000a\000n\000\040\000K\000e\000u\000a\000n\000g\000a\000n\000\040\000\050\000A\000c\000c\000o\000u\000n\000t\000s\000\040\000P\000a\000y\000a\000b\000l\000e\000\051}{section.4.3}% 33
\BOOKMARK [1][-]{section.4.4}{\376\377\000P\000e\000n\000a\000n\000g\000a\000n\000a\000n\000\040\000M\000a\000s\000a\000l\000a\000h\000\040\000\050\000E\000d\000g\000e\000\040\000C\000a\000s\000e\000s\000\051}{chapter.4}% 34
\BOOKMARK [0][-]{chapter.5}{\376\377\000M\000o\000d\000u\000l\000\040\000P\000a\000b\000r\000i\000k\000a\000s\000i\000\040\000\050\000P\000r\000o\000d\000u\000c\000t\000i\000o\000n\000\051}{}% 35
\BOOKMARK [1][-]{section.5.1}{\376\377\000K\000o\000n\000s\000e\000p\000\040\000D\000a\000s\000a\000r\000\040\000\046\000\040\000M\000a\000t\000r\000i\000k\000s\000\040\000P\000e\000r\000a\000n}{chapter.5}% 36
\BOOKMARK [1][-]{section.5.2}{\376\377\000S\000k\000e\000n\000a\000r\000i\000o\000\040\000D\000u\000n\000i\000a\000\040\000N\000y\000a\000t\000a\000\040\000\046\000\040\000A\000l\000u\000r\000\040\000K\000e\000r\000j\000a}{chapter.5}% 37
\BOOKMARK [1][-]{section.5.3}{\376\377\000P\000a\000n\000d\000u\000a\000n\000\040\000P\000e\000n\000g\000g\000u\000n\000a\000a\000n\000\040\000\050\000S\000t\000e\000p\000-\000b\000y\000-\000S\000t\000e\000p\000\051}{chapter.5}% 38
\BOOKMARK [2][-]{subsection.5.3.1}{\376\377\0001\000.\000\040\000M\000e\000m\000b\000u\000a\000t\000\040\000R\000e\000s\000e\000p\000\040\000\050\000B\000i\000l\000l\000\040\000o\000f\000\040\000M\000a\000t\000e\000r\000i\000a\000l\000s\000\051}{section.5.3}% 39
\BOOKMARK [2][-]{subsection.5.3.2}{\376\377\0002\000.\000\040\000M\000e\000n\000e\000r\000b\000i\000t\000k\000a\000n\000\040\000S\000u\000r\000a\000t\000\040\000P\000e\000r\000i\000n\000t\000a\000h\000\040\000K\000e\000r\000j\000a\000\040\000\050\000W\000o\000r\000k\000\040\000O\000r\000d\000e\000r\000\051}{section.5.3}% 40
\BOOKMARK [2][-]{subsection.5.3.3}{\376\377\0003\000.\000\040\000M\000e\000n\000g\000i\000n\000p\000u\000t\000\040\000H\000a\000s\000i\000l\000\040\000A\000k\000h\000i\000r\000\040\000\046\000\040\000S\000o\000r\000t\000i\000r\000\040\000K\000u\000a\000l\000i\000t\000a\000s\000\040\000\050\000Q\000u\000a\000l\000i\000t\000y\000\040\000C\000h\000e\000c\000k\000\051}{section.5.3}% 41
\BOOKMARK [1][-]{section.5.4}{\376\377\000P\000e\000n\000a\000n\000g\000a\000n\000a\000n\000\040\000M\000a\000s\000a\000l\000a\000h\000\040\000\050\000E\000d\000g\000e\000\040\000C\000a\000s\000e\000s\000\051}{chapter.5}% 42
\BOOKMARK [0][-]{chapter.6}{\376\377\000M\000o\000d\000u\000l\000\040\000S\000u\000m\000b\000e\000r\000\040\000D\000a\000y\000a\000\040\000M\000a\000n\000u\000s\000i\000a\000\040\000\050\000H\000R\000\051}{}% 43
\BOOKMARK [1][-]{section.6.1}{\376\377\000K\000o\000n\000s\000e\000p\000\040\000D\000a\000s\000a\000r\000\040\000\046\000\040\000M\000a\000t\000r\000i\000k\000s\000\040\000P\000e\000r\000a\000n}{chapter.6}% 44
\BOOKMARK [1][-]{section.6.2}{\376\377\000S\000k\000e\000n\000a\000r\000i\000o\000\040\000D\000u\000n\000i\000a\000\040\000N\000y\000a\000t\000a\000\040\000\046\000\040\000A\000l\000u\000r\000\040\000K\000e\000r\000j\000a}{chapter.6}% 45
\BOOKMARK [1][-]{section.6.3}{\376\377\000P\000a\000n\000d\000u\000a\000n\000\040\000P\000e\000n\000g\000g\000u\000n\000a\000a\000n\000\040\000\050\000S\000t\000e\000p\000-\000b\000y\000-\000S\000t\000e\000p\000\051}{chapter.6}% 46
\BOOKMARK [2][-]{subsection.6.3.1}{\376\377\0001\000.\000\040\000M\000e\000n\000d\000a\000f\000t\000a\000r\000k\000a\000n\000\040\000K\000a\000r\000y\000a\000w\000a\000n\000\040\000B\000a\000r\000u}{section.6.3}% 47
\BOOKMARK [2][-]{subsection.6.3.2}{\376\377\0002\000.\000\040\000M\000e\000n\000c\000e\000t\000a\000k\000\040\000S\000l\000i\000p\000\040\000G\000a\000j\000i\000\040\000\050\000E\000x\000p\000o\000r\000t\000\040\000P\000D\000F\000\040\000S\000l\000i\000p\000\051}{section.6.3}% 48
\BOOKMARK [2][-]{subsection.6.3.3}{\376\377\0003\000.\000\040\000M\000e\000r\000e\000s\000e\000t\000\040\000K\000a\000t\000a\000\040\000S\000a\000n\000d\000i\000\040\000K\000a\000r\000y\000a\000w\000a\000n}{section.6.3}% 49
\BOOKMARK [1][-]{section.6.4}{\376\377\000P\000e\000n\000a\000n\000g\000a\000n\000a\000n\000\040\000M\000a\000s\000a\000l\000a\000h\000\040\000\050\000E\000d\000g\000e\000\040\000C\000a\000s\000e\000s\000\051}{chapter.6}% 50
\BOOKMARK [0][-]{chapter.7}{\376\377\000M\000o\000d\000u\000l\000\040\000K\000e\000u\000a\000n\000g\000a\000n\000\040\000\050\000F\000i\000n\000a\000n\000c\000e\000\051}{}% 51
\BOOKMARK [1][-]{section.7.1}{\376\377\000K\000o\000n\000s\000e\000p\000\040\000D\000a\000s\000a\000r\000\040\000\046\000\040\000M\000a\000t\000r\000i\000k\000s\000\040\000P\000e\000r\000a\000n}{chapter.7}% 52
\BOOKMARK [1][-]{section.7.2}{\376\377\000S\000k\000e\000n\000a\000r\000i\000o\000\040\000D\000u\000n\000i\000a\000\040\000N\000y\000a\000t\000a\000\040\000\046\000\040\000A\000l\000u\000r\000\040\000K\000e\000r\000j\000a}{chapter.7}% 53
\BOOKMARK [1][-]{section.7.3}{\376\377\000P\000a\000n\000d\000u\000a\000n\000\040\000P\000e\000n\000g\000g\000u\000n\000a\000a\000n\000\040\000\050\000S\000t\000e\000p\000-\000b\000y\000-\000S\000t\000e\000p\000\051}{chapter.7}% 54
\BOOKMARK [2][-]{subsection.7.3.1}{\376\377\0001\000.\000\040\000M\000e\000n\000g\000e\000l\000o\000l\000a\000\040\000S\000a\000l\000e\000s\000\040\000I\000n\000v\000o\000i\000c\000e\000\040\000d\000a\000n\000\040\000M\000e\000n\000c\000e\000t\000a\000k\000\040\000T\000a\000g\000i\000h\000a\000n}{section.7.3}% 55
\BOOKMARK [2][-]{subsection.7.3.2}{\376\377\0002\000.\000\040\000M\000e\000n\000e\000r\000u\000s\000k\000a\000n\000\040\000T\000a\000g\000i\000h\000a\000n\000\040\000k\000e\000\040\000B\000u\000k\000u\000\040\000P\000i\000u\000t\000a\000n\000g\000\040\000\050\000P\000o\000s\000t\000\040\000t\000o\000\040\000A\000R\000\051}{section.7.3}% 56
\BOOKMARK [2][-]{subsection.7.3.3}{\376\377\0003\000.\000\040\000M\000e\000n\000c\000a\000t\000a\000t\000\040\000P\000e\000n\000e\000r\000i\000m\000a\000a\000n\000\040\000U\000a\000n\000g\000\040\000d\000a\000r\000i\000\040\000P\000e\000l\000a\000n\000g\000g\000a\000n\000\040\000\050\000R\000e\000c\000o\000r\000d\000\040\000R\000e\000c\000e\000i\000p\000t\000\051}{section.7.3}% 57
\BOOKMARK [1][-]{section.7.4}{\376\377\000P\000e\000n\000a\000n\000g\000a\000n\000a\000n\000\040\000M\000a\000s\000a\000l\000a\000h\000\040\000\050\000E\000d\000g\000e\000\040\000C\000a\000s\000e\000s\000\051}{chapter.7}% 58
\BOOKMARK [0][-]{chapter.8}{\376\377\000M\000o\000d\000u\000l\000\040\000A\000s\000e\000t\000\040\000\050\000A\000s\000s\000e\000t\000s\000\051}{}% 59
\BOOKMARK [1][-]{section.8.1}{\376\377\000K\000o\000n\000s\000e\000p\000\040\000D\000a\000s\000a\000r\000\040\000\046\000\040\000M\000a\000t\000r\000i\000k\000s\000\040\000P\000e\000r\000a\000n}{chapter.8}% 60
\BOOKMARK [1][-]{section.8.2}{\376\377\000S\000k\000e\000n\000a\000r\000i\000o\000\040\000D\000u\000n\000i\000a\000\040\000N\000y\000a\000t\000a\000\040\000\046\000\040\000A\000l\000u\000r\000\040\000K\000e\000r\000j\000a}{chapter.8}% 61
\BOOKMARK [1][-]{section.8.3}{\376\377\000P\000a\000n\000d\000u\000a\000n\000\040\000P\000e\000n\000g\000g\000u\000n\000a\000a\000n\000\040\000\050\000S\000t\000e\000p\000-\000b\000y\000-\000S\000t\000e\000p\000\051}{chapter.8}% 62
\BOOKMARK [2][-]{subsection.8.3.1}{\376\377\0001\000.\000\040\000M\000e\000n\000c\000a\000t\000a\000t\000\040\000A\000s\000e\000t\000\040\000B\000a\000r\000u}{section.8.3}% 63
\BOOKMARK [2][-]{subsection.8.3.2}{\376\377\0002\000.\000\040\000M\000e\000n\000g\000a\000k\000t\000i\000f\000k\000a\000n\000\040\000A\000s\000e\000t}{section.8.3}% 64
\BOOKMARK [2][-]{subsection.8.3.3}{\376\377\0003\000.\000\040\000M\000e\000n\000g\000h\000i\000t\000u\000n\000g\000\040\000P\000e\000n\000y\000u\000s\000u\000t\000a\000n\000\040\000B\000u\000l\000a\000n\000a\000n\000\040\000\050\000P\000o\000s\000t\000\040\000D\000e\000p\000r\000e\000c\000i\000a\000t\000i\000o\000n\000\051}{section.8.3}% 65
\BOOKMARK [2][-]{subsection.8.3.4}{\376\377\0004\000.\000\040\000M\000e\000n\000j\000a\000d\000w\000a\000l\000k\000a\000n\000\040\000P\000e\000r\000a\000w\000a\000t\000a\000n\000\040\000\050\000S\000c\000h\000e\000d\000u\000l\000e\000\040\000M\000a\000i\000n\000t\000e\000n\000a\000n\000c\000e\000\051}{section.8.3}% 66
\BOOKMARK [2][-]{subsection.8.3.5}{\376\377\0005\000.\000\040\000M\000e\000m\000b\000u\000a\000n\000g\000\040\000a\000t\000a\000u\000\040\000M\000e\000n\000j\000u\000a\000l\000\040\000A\000s\000e\000t\000\040\000\050\000D\000i\000s\000p\000o\000s\000e\000\051}{section.8.3}% 67
\BOOKMARK [0][-]{chapter.9}{\376\377\000M\000o\000d\000u\000l\000\040\000P\000e\000n\000g\000a\000t\000u\000r\000a\000n\000\040\000S\000i\000s\000t\000e\000m\000\040\000\050\000S\000y\000s\000t\000e\000m\000\051}{}% 68
\BOOKMARK [1][-]{section.9.1}{\376\377\000K\000o\000n\000s\000e\000p\000\040\000D\000a\000s\000a\000r\000\040\000\046\000\040\000M\000a\000t\000r\000i\000k\000s\000\040\000P\000e\000r\000a\000n}{chapter.9}% 69
\BOOKMARK [1][-]{section.9.2}{\376\377\000P\000a\000n\000d\000u\000a\000n\000\040\000P\000e\000n\000g\000g\000u\000n\000a\000a\000n\000\040\000\050\000S\000t\000e\000p\000-\000b\000y\000-\000S\000t\000e\000p\000\051}{chapter.9}% 70
\BOOKMARK [2][-]{subsection.9.2.1}{\376\377\0001\000.\000\040\000M\000e\000m\000b\000u\000a\000t\000\040\000d\000a\000n\000\040\000M\000e\000n\000g\000a\000t\000u\000r\000\040\000H\000a\000k\000\040\000A\000k\000s\000e\000s\000\040\000\050\000R\000o\000l\000e\000\040\000\046\000\040\000P\000e\000r\000m\000i\000s\000s\000i\000o\000n\000\051}{section.9.2}% 71
\BOOKMARK [2][-]{subsection.9.2.2}{\376\377\0002\000.\000\040\000M\000e\000m\000b\000u\000a\000t\000\040\000A\000k\000u\000n\000\040\000P\000e\000n\000g\000g\000u\000n\000a\000\040\000B\000a\000r\000u\000\040\000\050\000U\000s\000e\000r\000\051}{section.9.2}% 72
\BOOKMARK [2][-]{subsection.9.2.3}{\376\377\0003\000.\000\040\000M\000e\000n\000g\000e\000l\000o\000l\000a\000\040\000A\000k\000u\000n\000\040\000\050\000R\000e\000s\000e\000t\000\040\000P\000a\000s\000s\000w\000o\000r\000d\000\040\000\046\000\040\000I\000m\000p\000e\000r\000s\000o\000n\000a\000t\000e\000\051}{section.9.2}% 73
\BOOKMARK [1][-]{section.9.3}{\376\377\000P\000e\000n\000a\000n\000g\000a\000n\000a\000n\000\040\000M\000a\000s\000a\000l\000a\000h\000\040\000\050\000E\000d\000g\000e\000\040\000C\000a\000s\000e\000s\000\051}{chapter.9}% 74
